// Jest Snapshot v1, https://goo.gl/fbAQLP

exports[`matches the DOM snapshot 1`] = `
Object {
  "asFragment": [Function],
  "baseElement": <body>
    <div>
      <div
        id="entry_container"
      >
        <div
          id="entry_title_container"
        >
          <img
            alt="flight_horizons_title"
            id="entry_title_animated"
            src="https://flight-horizons.s3.us-west-2.amazonaws.com/title.png"
          />
        </div>
        <div
          id="entry_visual_container"
        >
          <img
            alt="spaceship_animation"
            id="entry_visual_animated"
            src="https://flight-horizons.s3.us-west-2.amazonaws.com/spaceship.png"
          />
        </div>
      </div>
    </div>
  </body>,
  "container": <div>
    <div
      id="entry_container"
    >
      <div
        id="entry_title_container"
      >
        <img
          alt="flight_horizons_title"
          id="entry_title_animated"
          src="https://flight-horizons.s3.us-west-2.amazonaws.com/title.png"
        />
      </div>
      <div
        id="entry_visual_container"
      >
        <img
          alt="spaceship_animation"
          id="entry_visual_animated"
          src="https://flight-horizons.s3.us-west-2.amazonaws.com/spaceship.png"
        />
      </div>
    </div>
  </div>,
  "debug": [Function],
  "findAllByAltText": [Function],
  "findAllByDisplayValue": [Function],
  "findAllByLabelText": [Function],
  "findAllByPlaceholderText": [Function],
  "findAllByRole": [Function],
  "findAllByTestId": [Function],
  "findAllByText": [Function],
  "findAllByTitle": [Function],
  "findByAltText": [Function],
  "findByDisplayValue": [Function],
  "findByLabelText": [Function],
  "findByPlaceholderText": [Function],
  "findByRole": [Function],
  "findByTestId": [Function],
  "findByText": [Function],
  "findByTitle": [Function],
  "getAllByAltText": [Function],
  "getAllByDisplayValue": [Function],
  "getAllByLabelText": [Function],
  "getAllByPlaceholderText": [Function],
  "getAllByRole": [Function],
  "getAllByTestId": [Function],
  "getAllByText": [Function],
  "getAllByTitle": [Function],
  "getByAltText": [Function],
  "getByDisplayValue": [Function],
  "getByLabelText": [Function],
  "getByPlaceholderText": [Function],
  "getByRole": [Function],
  "getByTestId": [Function],
  "getByText": [Function],
  "getByTitle": [Function],
  "queryAllByAltText": [Function],
  "queryAllByDisplayValue": [Function],
  "queryAllByLabelText": [Function],
  "queryAllByPlaceholderText": [Function],
  "queryAllByRole": [Function],
  "queryAllByTestId": [Function],
  "queryAllByText": [Function],
  "queryAllByTitle": [Function],
  "queryByAltText": [Function],
  "queryByDisplayValue": [Function],
  "queryByLabelText": [Function],
  "queryByPlaceholderText": [Function],
  "queryByRole": [Function],
  "queryByTestId": [Function],
  "queryByText": [Function],
  "queryByTitle": [Function],
  "rerender": [Function],
  "unmount": [Function],
}
`;
